---
source: src/proofs/proof_tests.rs
expression: snapshot
---
(ruleset parent)
(ruleset single_parent)
(ruleset rebuilding)
(ruleset rebuilding_cleanup)
(ruleset delete_subsume_ruleset)
(sort Math)
(sort __uf)
(constructor __UF_Math (Math Math) __uf)
(rule ((__UF_Math a b)
       (__UF_Math b c)
       (!= b c))
      ((delete (__UF_Math a b))
       (__UF_Math a c))
        :ruleset parent :name "__uf_update")
(rule ((__UF_Math a b)
       (__UF_Math a c)
       (!= b c)
       (= (ordering-max b c) b))
      ((delete (__UF_Math a b))
       (__UF_Math b c))
        :ruleset single_parent :name "singleparent__uf_update")
(sort __view)
(constructor Add (i64 i64) Math)
(constructor AddView (i64 i64 Math) __view)
(constructor to_delete_Add (i64 i64) __view)
(constructor to_subsume_Add (i64 i64) __view)
(rule ((AddView c0_ c1_ new)
       (AddView c0_ c1_ old)
       (!= old new)
       (= (ordering-max old new) new))
      ((__UF_Math (ordering-max new old) (ordering-min new old)))
        :ruleset rebuilding :name "__congruence_rule")
(rule ((to_delete_Add c0_ c1_)
       (AddView c0_ c1_ out))
      ((delete (AddView c0_ c1_ out))
       (delete (to_delete_Add c0_ c1_)))
        :ruleset delete_subsume_ruleset :name "__delete_rule")
(rule ((to_subsume_Add c0_ c1_)
       (AddView c0_ c1_ out))
      ((subsume (AddView c0_ c1_ out)))
        :ruleset delete_subsume_ruleset :name "__delete_rule_subsume")
(rule ((AddView c0_ c1_ c2_)
       (__UF_Math c2_ __v)
       (!= __v c2_))
      ((AddView c0_ c1_ __v)
       (delete (AddView c0_ c1_ c2_)))
        :ruleset rebuilding :name "__rebuild_rule")
(function __v2 () Math :no-merge)
(set (__v2) (Add 1 2))
(AddView 1 2 (__v2 ))
(run-schedule (seq (saturate (seq (run rebuilding_cleanup) (saturate (run single_parent)) (saturate (run parent)) (run rebuilding))) (run delete_subsume_ruleset)))
(rule ((AddView a b __v3))
      ((let __v5 (Add a b))
       (AddView a b __v5)
       (let __v6 (Add b a))
       (AddView b a __v6)
       (__UF_Math (ordering-max __v5 __v6) (ordering-min __v5 __v6)))
         :name "commutativity")
(check (AddView 1 2 __v7)
(AddView 2 1 __v8)
(= __v7 __v8))
(run-schedule (seq (saturate (seq (run rebuilding_cleanup) (saturate (run single_parent)) (saturate (run parent)) (run rebuilding))) (run delete_subsume_ruleset)))
