---
source: src/proofs/proof_tests.rs
expression: snapshot
---
(ruleset __parent_15)
(ruleset __single_parent_11)
(ruleset __uf_function_index_12)
(ruleset __rebuilding_16)
(ruleset __rebuilding_cleanup_17)
(ruleset __delete_subsume_ruleset_18)
(sort __view_20)
(constructor add (i64 i64 i64) __view_20 :unextractable :internal-hidden)
(function __addView_19 (i64 i64 i64) Unit :merge old :unextractable :internal-term-constructor add)
(constructor __to_delete_add_21 (i64 i64) __view_20 :internal-hidden)
(constructor __to_subsume_add_22 (i64 i64) __view_20 :internal-hidden)
(function __addCurrent_24 (i64 i64) i64 :merge old :unextractable :internal-hidden)
(sort __mergecleanupsort_31)
(constructor __mergecleanup_30 (i64 i64) __mergecleanupsort_31 :internal-hidden)
(rule ((__addView_19 c0_ c1_ old)
       (__addView_19 c0_ c1_ new)
       (!= old new)
       (= (ordering-max old new) new))
      ((set (__addView_19 c0_ c1_ old) ())
       (set (__addCurrent_24 c0_ c1_) old)
       (__mergecleanup_30 old old)
       (__mergecleanup_30 old new))
        :ruleset __rebuilding_16 :name "__merge_rule_25")
(rule ((__mergecleanup_30 merged old)
       (__addView_19 c0_ c1_ merged)
       (__addView_19 c0_ c1_ old)
       (!= merged old))
      ((delete (__addView_19 c0_ c1_ old)))
        :ruleset __rebuilding_cleanup_17 :name "__merge_cleanup_26")
(rule ((= selected (__addCurrent_24 c0_ c1_))
       (__addView_19 c0_ c1_ selected)
       (__addView_19 c0_ c1_ old)
       (!= selected old))
      ((delete (__addView_19 c0_ c1_ old)))
        :ruleset __rebuilding_cleanup_17 :name "__merge_current_cleanup_27")
(rule ((__to_delete_add_21 c0_ c1_)
       (__addView_19 c0_ c1_ out))
      ((delete (__addView_19 c0_ c1_ out))
       (delete (__to_delete_add_21 c0_ c1_)))
        :ruleset __delete_subsume_ruleset_18 :name "__delete_rule_23")
(rule ((__to_subsume_add_22 c0_ c1_)
       (__addView_19 c0_ c1_ out))
      ((subsume (__addView_19 c0_ c1_ out)))
        :ruleset __delete_subsume_ruleset_18 :name "__delete_rule_23_subsume")
(check (= __v_63 (__addView_19 0 0 __n_62))
(= __n_62 0))
(run-schedule (seq (saturate (seq (run __rebuilding_cleanup_17) (saturate (run __single_parent_11)) (saturate (run __parent_15)) (saturate (run __uf_function_index_12)) (run __rebuilding_16))) (run __delete_subsume_ruleset_18)))
