---
source: src/proofs/proof_tests.rs
expression: snapshot
---
(ruleset __parent)
(ruleset __uf_function_index)
(ruleset __rebuilding)
(ruleset __rebuilding_cleanup)
(ruleset __delete_subsume_ruleset)
(sort __view)
(constructor add (i64 i64 i64) __view :unextractable :internal-hidden)
(function __addView (i64 i64) i64 :merge old :unextractable :internal-term-constructor add)
(constructor __to_delete_add (i64 i64) __view :internal-hidden)
(constructor __to_subsume_add (i64 i64) __view :internal-hidden)
(rule ((__to_delete_add c0_ c1_)
       (= out (__addView c0_ c1_)))
      ((delete (__addView c0_ c1_))
       (delete (__to_delete_add c0_ c1_)))
        :ruleset __delete_subsume_ruleset :name "__delete_rule")
(rule ((__to_subsume_add c0_ c1_)
       (= out (__addView c0_ c1_)))
      ((subsume (__addView c0_ c1_)))
        :ruleset __delete_subsume_ruleset :name "__delete_rule_subsume")
(check (= __n (__addView 0 0))
(= __n 0))
(run-schedule (seq (saturate (seq (run __rebuilding_cleanup) (saturate (run __parent)) (saturate (run __uf_function_index)) (run __rebuilding))) (run __delete_subsume_ruleset)))
