---
source: src/proofs/proof_tests.rs
expression: snapshot
---
(ruleset __parent_15)
(ruleset __single_parent_11)
(ruleset __uf_function_index_12)
(ruleset __rebuilding_16)
(ruleset __rebuilding_cleanup_17)
(ruleset __delete_subsume_ruleset_18)
(sort Math :internal-uf __UF_Math_19 __UF_Mathf_20)
(function __UF_Math_19 (Math Math) Unit :merge old :unextractable :internal-hidden)
(function __UF_Mathf_20 (Math) Math :merge new :unextractable :internal-hidden)
(rule ((__UF_Math_19 __uf_a_23 __uf_b_24)
       (__UF_Math_19 __uf_b_24 __uf_c_25)
       (!= __uf_b_24 __uf_c_25))
      ((delete (__UF_Math_19 __uf_a_23 __uf_b_24))
       (set (__UF_Math_19 __uf_a_23 __uf_c_25) ()))
        :ruleset __parent_15 :name "__uf_update_21")
(rule ((__UF_Math_19 __uf_a_23 __uf_b_24)
       (__UF_Math_19 __uf_a_23 __uf_c_25)
       (!= __uf_b_24 __uf_c_25)
       (= (ordering-max __uf_b_24 __uf_c_25) __uf_b_24))
      ((delete (__UF_Math_19 __uf_a_23 __uf_b_24))
       (set (__UF_Math_19 __uf_b_24 __uf_c_25) ()))
        :ruleset __single_parent_11 :name "singleparent__uf_update_21")
(rule ((__UF_Math_19 __uf_a_23 __uf_b_24))
      ((set (__UF_Mathf_20 __uf_a_23) __uf_b_24))
        :ruleset __uf_function_index_12 :name "__uf_function_index_22")
(sort __view_42)
(constructor Add (i64 i64) Math :unextractable :internal-hidden)
(function __AddView_41 (i64 i64 Math) Unit :merge old :internal-term-constructor Add)
(constructor __to_delete_Add_43 (i64 i64) __view_42 :internal-hidden)
(constructor __to_subsume_Add_44 (i64 i64) __view_42 :internal-hidden)
(rule ((= __v_47 (__AddView_41 c0_ c1_ new))
       (= __v_48 (__AddView_41 c0_ c1_ old))
       (!= old new)
       (= (ordering-max old new) new))
      ((set (__UF_Math_19 (ordering-max new old) (ordering-min new old)) ()))
        :ruleset __rebuilding_16 :name "__congruence_rule_46" :internal-include-subsumed)
(rule ((__to_delete_Add_43 c0_ c1_)
       (__AddView_41 c0_ c1_ out))
      ((delete (__AddView_41 c0_ c1_ out))
       (delete (__to_delete_Add_43 c0_ c1_)))
        :ruleset __delete_subsume_ruleset_18 :name "__delete_rule_45")
(rule ((__to_subsume_Add_44 c0_ c1_)
       (__AddView_41 c0_ c1_ out))
      ((subsume (__AddView_41 c0_ c1_ out)))
        :ruleset __delete_subsume_ruleset_18 :name "__delete_rule_45_subsume")
(rule ((= __v_50 (__AddView_41 c0_ c1_ c2_))
       (= c2_leader_ (__UF_Mathf_20 c2_))
       (guard (or (bool-!= c2_ c2_leader_))))
      ((set (__AddView_41 c0_ c1_ c2_leader_) ())
       (delete (__AddView_41 c0_ c1_ c2_)))
        :ruleset __rebuilding_16 :name "__rebuild_rule_49" :internal-include-subsumed)
(function __v_76 () Math :no-merge :unextractable :internal-let)
(set (__v_76) (Add 1 2))
(set (__AddView_41 1 2 (__v_76)) ())
(set (__UF_Math_19 (ordering-max (__v_76) (__v_76)) (ordering-min (__v_76) (__v_76))) ())
(run-schedule (seq (saturate (seq (run __rebuilding_cleanup_17) (saturate (run __single_parent_11)) (saturate (run __parent_15)) (saturate (run __uf_function_index_12)) (run __rebuilding_16))) (run __delete_subsume_ruleset_18)))
(rule ((= __v_83 (__AddView_41 a b __v_82)))
      ((let __v_85 (Add a b))
       (set (__AddView_41 a b __v_85) ())
       (set (__UF_Math_19 (ordering-max __v_85 __v_85) (ordering-min __v_85 __v_85)) ())
       (let __v_86 (Add b a))
       (set (__AddView_41 b a __v_86) ())
       (set (__UF_Math_19 (ordering-max __v_86 __v_86) (ordering-min __v_86 __v_86)) ())
       (set (__UF_Math_19 (ordering-max __v_85 __v_86) (ordering-min __v_85 __v_86)) ()))
         :name "commutativity")
(check (= __v_102 (__AddView_41 1 2 __v_101))
(= __v_104 (__AddView_41 2 1 __v_103))
(= __v_101 __v_103))
(run-schedule (seq (saturate (seq (run __rebuilding_cleanup_17) (saturate (run __single_parent_11)) (saturate (run __parent_15)) (saturate (run __uf_function_index_12)) (run __rebuilding_16))) (run __delete_subsume_ruleset_18)))
