---
source: tests/files.rs
expression: snapshot_content_across_treatments
---
((Alloc 0)
 (AllocVar 3)
 (Expr 22)
 (Field 2)
 (Func 2)
 (Stmt 19)
 (Type 7)
 (add 0)
 (addr 3)
 (assign 9)
 (call 1)
 (eq 0)
 (expr 1)
 (expr-points-to 11)
 (field 0)
 (field-assign 0)
 (func 2)
 (func-stmt 16)
 (load 4)
 (malloc 2)
 (ptr-points-to 1)
 (return 1)
 (store 5)
 (struct-lit-field 2))
