---
source: tests/files.rs
expression: snapshot
---
before-proofs.egg
bool.egg
complex-merge-prim.egg
container-rebuild.egg
cykjson.egg
delete.egg
eggcc-extraction.egg
extract-vec-bench.egg
fail-typecheck/arity-mismatch.egg
fail-typecheck/constructor_non_sort.egg
fail-typecheck/fail_term_union.egg
fail-typecheck/looking_up_nonconstructor_in_action_case_let.egg
fail-typecheck/looking_up_nonconstructor_in_action_case_set.egg
fail-typecheck/looking_up_nonconstructor_in_action_case_union.egg
fail-typecheck/looking_up_nonconstructor_in_birewrite.egg
fail-typecheck/looking_up_nonconstructor_in_rewrite.egg
fail-typecheck/repro-containers-disallowed.egg
fail-typecheck/repro-duplicated-var.egg
fail-typecheck/semi_naive_set_function.egg
fail-typecheck/set-a-primitive.egg
fail-typecheck/shadow-global-constructor.egg
fail-typecheck/shadow-global.egg
fail-typecheck/shadow-local-constructor.egg
fail-typecheck/shadow-local-global-no-prefix.egg
fail-typecheck/shadow-local-global.egg
fail-typecheck/shadow-local.egg
fail-typecheck/unbound.egg
fail-typecheck/ungrounded-3.egg
fail-typecheck/ungrounded-4.egg
fail-typecheck/union_non_sort.egg
fail-typecheck/union_relation.egg
fail-typecheck/union_term_constructor.egg
fail-typecheck/unstable-fn-wrong-args-type.egg
fail-typecheck/unstable-fn-wrong-args.egg
fail-typecheck/unstable-fn-wrong-return-type.egg
fail-typecheck/unstable-fn-wrong-return.egg
looking_up_global.egg
looking_up_nonconstructor_in_rewrite_good.egg
map.egg
merge_read.egg
print-function.egg
python_array_optimize.egg
rat-pow-eval.egg
repro-665-set-union.egg
repro-738-fn-sort.egg
repro-desugar-143.egg
repro-new-backend-python-vec.egg
repro-querybug3.egg
repro-unsound.egg
repro-vec-unequal.egg
set_sort_function.egg
stresstest_large_expr.egg
string_quotes.egg
taylor51.egg
tricky-type-checking.egg
type-constraints-tests.egg
vec.egg
web-demo/array.egg
web-demo/bdd.egg
web-demo/bignum.egg
web-demo/cyk.egg
web-demo/datatypes.egg
web-demo/eqsat-basic-multiset.egg
web-demo/fibonacci.egg
web-demo/fusion.egg
web-demo/herbie-tutorial.egg
web-demo/herbie.egg
web-demo/knapsack.egg
web-demo/lambda.egg
web-demo/levenshtein-distance.egg
web-demo/list.egg
web-demo/multiset.egg
web-demo/prims.egg
web-demo/set.egg
web-demo/typeinfer.egg
web-demo/unstable-fn.egg
