---
source: tests/files.rs
expression: snapshot_content
---
(let prf0 (Trans 3 (Edge 2 1)))
(let t0 (path 3 1 prf0))
(let prop0 (= t0 t0))
(let t1 (path 2 1 (Edge 2 1)))
(let t2
  (premises
        (Fiat (= (edge 3 2) (edge 3 2)))
        (Rule
          (= t1 t1)
          (name
            "(rule ((edge x y))
        ((path x y (Edge x y)))
           )")
          (premises (Fiat (= (edge 2 1) (edge 2 1))))
          (substitution (x 2) (y 1)))))
(let t3 (substitution (z 1) (p (Edge 2 1)) (y 2) (x 3)))
(Congr
  prop0
  (Rule
    prop0
    (name
      "(rule ((edge x y)
       (path y z p))
      ((path x z (Trans x p)))
         )")
    t2
    t3)
  (Rule
    (= prf0 prf0)
    (name
      "(rule ((edge x y)
       (path y z p))
      ((path x z (Trans x p)))
         )")
    t2
    t3)
  2)
Edge: 3
Trans: 6
edge: 3
path: 9
