---
source: tests/files.rs
expression: snapshot_content_across_treatments
---
((Add 0)
 (Bf16 1)
 (Bool 0)
 (Cast 0)
 (ComputeAttnMask 0)
 (Constant 0)
 (ConsumedBuffer 0)
 (CustomOpKind 0)
 (ECons 0)
 (ENil 0)
 (Exp2 0)
 (F16 1)
 (F32 1)
 (F4E2M1 0)
 (F8E4M3 0)
 (F8E5M2 0)
 (F8UE8M0 0)
 (FlashInferAttention 0)
 (FusedAdd 0)
 (FusedExp 0)
 (FusedExp2 0)
 (FusedLog2 0)
 (FusedMul 0)
 (FusedRecip 0)
 (FusedSin 0)
 (FusedSqrt 0)
 (FusionEnd 0)
 (FusionStart 0)
 (GLUMoE 0)
 (Gather 0)
 (I4 0)
 (ICons 0)
 (INil 0)
 (Input 0)
 (Int 0)
 (Iota 0)
 (KernelAdd 0)
 (KernelBatchMatMul 0)
 (KernelBatchMatVec 0)
 (KernelCast 0)
 (KernelConstant 0)
 (KernelEmbed 0)
 (KernelExp 0)
 (KernelExp2 0)
 (KernelGather 0)
 (KernelIota 0)
 (KernelLessThan 0)
 (KernelLog2 0)
 (KernelMax 0)
 (KernelMean 0)
 (KernelMod 0)
 (KernelMul 0)
 (KernelRecip 0)
 (KernelScatter 0)
 (KernelScatterNoCopy 0)
 (KernelSigmoid 0)
 (KernelSin 0)
 (KernelSoftmax 0)
 (KernelSqrt 0)
 (KernelSum 0)
 (LessThan 0)
 (Log2 0)
 (LoopEnd 0)
 (LoopInput 0)
 (LoopInputStatic 0)
 (LoopOutput 0)
 (LoopOutputSelect 0)
 (LoopStart 0)
 (MAdd 0)
 (MAnd 0)
 (MCeilDiv 0)
 (MDiv 0)
 (MFloat 0)
 (MFloorTo 0)
 (MGte 0)
 (MIter 0)
 (MLt 0)
 (MMax 0)
 (MMin 0)
 (MMod 0)
 (MMul 0)
 (MNum 0)
 (MOr 0)
 (MReplace 0)
 (MReplaceList 0)
 (MSub 0)
 (MVar 0)
 (Max 0)
 (MkGLUMoEExpertGatherState 0)
 (MkGLUMoEExpertIndexState 0)
 (MkGLUMoEGateUpState 0)
 (MkGLUMoEGemmaDownState 0)
 (MkGLUMoEGemmaGELUState 0)
 (MkGLUMoESwiGLUDownState 0)
 (MkGLUMoESwiGLUState 0)
 (MkKernelSigmoidScaledState 0)
 (Mod 0)
 (Mul 0)
 (Op 0)
 (Output 0)
 (OutputJoin 0)
 (Recip 0)
 (RemoveNthFromEnd 0)
 (ReplaceNthFromEnd 0)
 (RowMajor 0)
 (Scatter 0)
 (Sin 0)
 (Softmax 0)
 (Sqrt 0)
 (Sum 0)
 (TF32 1)
 (consumed_buffer_ilist_contains 0)
 (cublaslt 0)
 (cublaslt_base_dtype 4)
 (cuda_local_memory 0)
 (cuda_output_bytes 0)
 (dtype 0)
 (glumoe_expert_gather 0)
 (glumoe_expert_index 0)
 (glumoe_gate_up 0)
 (glumoe_gemma_down 0)
 (glumoe_gemma_gelu 0)
 (glumoe_swiglu 0)
 (glumoe_swiglu_down 0)
 (identical_inputs 0)
 (kernel_sigmoid_scaled 0)
 (len 0)
 (n_elements 0)
 (nth_from_end 0))
