---
source: tests/files.rs
expression: snapshot
---
array.egg
bdd.egg
before-proofs.egg
bignum.egg
bool.egg
complex-merge-prim.egg
container-rebuild.egg
cyk.egg
cykjson.egg
datatypes.egg
delete.egg
eggcc-extraction.egg
eqsat-basic-multiset.egg
extract-vec-bench.egg
fibonacci.egg
fusion.egg
herbie-tutorial.egg
herbie.egg
interval.egg
knapsack.egg
lambda.egg
levenshtein-distance.egg
list.egg
looking_up_global.egg
looking_up_nonconstructor_in_rewrite_good.egg
map.egg
merge_read.egg
multiset.egg
prims.egg
print-function.egg
python_array_optimize.egg
rat-pow-eval.egg
repro-665-set-union.egg
repro-738-fn-sort.egg
repro-desugar-143.egg
repro-new-backend-python-vec.egg
repro-querybug3.egg
repro-unsound.egg
repro-vec-unequal.egg
set.egg
set_sort_function.egg
stresstest_large_expr.egg
string_quotes.egg
taylor51.egg
towers-of-hanoi.egg
tricky-type-checking.egg
type-constraints-tests.egg
typeinfer.egg
uf-extraction.egg
unstable-fn.egg
vec.egg
