---
source: tests/files.rs
expression: snapshot_content_across_treatments
---
((Add 21)
 (Bf16 1)
 (Bool 1)
 (Cast 6)
 (ComputeAttnMask 0)
 (Constant 8)
 (ConsumedBuffer 0)
 (CustomOpKind 0)
 (ECons 191)
 (ENil 1)
 (Exp2 7)
 (F16 1)
 (F32 1)
 (F4E2M1 0)
 (F8E4M3 0)
 (F8E5M2 0)
 (F8UE8M0 0)
 (FlashInferAttention 0)
 (FusedAdd 20)
 (FusedExp 7)
 (FusedExp2 7)
 (FusedLog2 0)
 (FusedMul 34)
 (FusedRecip 6)
 (FusedSin 0)
 (FusedSqrt 2)
 (FusionEnd 13)
 (FusionStart 40)
 (GLUMoE 0)
 (Gather 6)
 (I4 0)
 (ICons 4596)
 (INil 1)
 (Input 178)
 (Int 1)
 (Iota 15)
 (KernelAdd 22)
 (KernelBatchMatMul 0)
 (KernelBatchMatVec 0)
 (KernelCast 6)
 (KernelConstant 8)
 (KernelEmbed 0)
 (KernelExp 7)
 (KernelExp2 7)
 (KernelGather 6)
 (KernelIota 15)
 (KernelLessThan 1)
 (KernelLog2 0)
 (KernelMax 3)
 (KernelMean 0)
 (KernelMod 0)
 (KernelMul 55)
 (KernelRecip 11)
 (KernelScatter 1)
 (KernelScatterNoCopy 0)
 (KernelSigmoid 4)
 (KernelSin 0)
 (KernelSoftmax 0)
 (KernelSqrt 2)
 (KernelSum 20)
 (LessThan 1)
 (Log2 0)
 (LoopEnd 2)
 (LoopInput 26)
 (LoopInputStatic 0)
 (LoopOutput 2)
 (LoopOutputSelect 8)
 (LoopStart 2)
 (MAdd 20)
 (MAnd 0)
 (MCeilDiv 11)
 (MDiv 6)
 (MFloat 0)
 (MFloorTo 0)
 (MGte 1)
 (MIter 1)
 (MLt 1)
 (MMax 4)
 (MMin 2)
 (MMod 5)
 (MMul 442)
 (MNum 34)
 (MOr 0)
 (MReplace 0)
 (MReplaceList 0)
 (MSub 1)
 (MVar 2)
 (Max 3)
 (MkGLUMoEExpertGatherState 0)
 (MkGLUMoEExpertIndexState 2)
 (MkGLUMoEGateUpState 0)
 (MkGLUMoEGemmaDownState 0)
 (MkGLUMoEGemmaGELUState 0)
 (MkGLUMoESwiGLUDownState 0)
 (MkGLUMoESwiGLUState 0)
 (MkKernelSigmoidScaledState 7)
 (Mod 0)
 (Mul 55)
 (Op 5142)
 (Output 185)
 (OutputJoin 184)
 (Recip 11)
 (RemoveNthFromEnd 0)
 (ReplaceNthFromEnd 0)
 (RowMajor 0)
 (Scatter 1)
 (Sin 0)
 (Softmax 0)
 (Sqrt 2)
 (Sum 20)
 (TF32 1)
 (consumed_buffer_ilist_contains 6605)
 (cublaslt 23)
 (cublaslt_base_dtype 4)
 (cuda_local_memory 2982)
 (cuda_output_bytes 204)
 (dtype 899)
 (glumoe_expert_gather 0)
 (glumoe_expert_index 2)
 (glumoe_gate_up 0)
 (glumoe_gemma_down 0)
 (glumoe_gemma_gelu 0)
 (glumoe_swiglu 0)
 (glumoe_swiglu_down 0)
 (identical_inputs 2701)
 (kernel_sigmoid_scaled 7)
 (len 0)
 (n_elements 0)
 (nth_from_end 0))
