---
source: tests/files.rs
expression: snapshot
---






(let t (Add (Const 5) (Const 1)))
(let t1 (MathU t))
(let t2 (= t1 t1))
(let t3 (= (MathU (Const 5)) (MathU (Const 5))))
(let t4 (= (Const 5) (Const 5)))
(let t5 (Congr t4 (Fiat t4) (Fiat (= 5 5)) 0))
(let t6 (premises (Congr t3 (Fiat t3) t5 0) (Fiat (= () ()))))
(let t7 (= t t))
(let t8 (= (Const 1) (Const 1)))
(Congr
  t2
  (Rule
    t2
    (name
      "(rule ((MathU (Const a))
       (> (+ a 1) 5))
      ((MathU (Add (Const a) (Const 1))))
         )")
    t6
    (substitution (a 5)))
  (Congr
    t7
    (Congr
      t7
      (Rule
        t7
        (name
          "(rule ((MathU (Const a))
       (> (+ a 1) 5))
      ((MathU (Add (Const a) (Const 1))))
         )")
        t6
        (substitution (a 5)))
      t5
      0)
    (Congr
      t8
      (Rule
        t8
        (name
          "(rule ((MathU (Const a))
       (> (+ a 1) 5))
      ((MathU (Add (Const a) (Const 1))))
         )")
        t6
        (substitution (a 5)))
      (Fiat (= 1 1))
      0)
    1)
  0)
