---
source: tests/files.rs
expression: snapshot_content_across_treatments
---
((Add 162)
 (Bf16 0)
 (Cast 1)
 (Constant 4)
 (CubeMul 0)
 (CustomOpHLIR 32)
 (ECons 42)
 (ENil 1)
 (Exp 0)
 (Exp2 32)
 (F16 0)
 (F32 1)
 (Gather 1)
 (ICons 96)
 (INil 1)
 (Input 293)
 (Int 1)
 (Iota 2)
 (KernelAdd 0)
 (KernelArgsort 0)
 (KernelGather 0)
 (KernelIota 0)
 (KernelMax 0)
 (KernelMean 0)
 (KernelMul 0)
 (KernelSum 0)
 (LessThan 0)
 (Log2 0)
 (MAdd 0)
 (MAnd 0)
 (MCeilDiv 0)
 (MDiv 0)
 (MFloat 0)
 (MFloorTo 0)
 (MGte 0)
 (MIter 1)
 (MLt 0)
 (MMax 0)
 (MMin 0)
 (MMod 0)
 (MMul 0)
 (MNum 10)
 (MOr 0)
 (MReplace 0)
 (MReplaceList 0)
 (MSub 0)
 (MVar 1)
 (Max 0)
 (Mod 0)
 (Mul 614)
 (Output 1)
 (OutputJoin 0)
 (Recip 98)
 (RemoveNthFromEnd 0)
 (ReplaceNthFromEnd 0)
 (RowAdd 0)
 (RowMajor 0)
 (RowRMSNorm 0)
 (RowRope 64)
 (RowSwishMul 0)
 (Sigmoid 0)
 (Sin 0)
 (Sqrt 65)
 (Sum 290)
 (TileMatmul 0)
 (TileSum 0)
 (dtype 0)
 (len 0)
 (n_elements 0)
 (nth_from_end 0))
