---
source: tests/files.rs
expression: snapshot_content_across_treatments
---
((AMX 0)
 (AMX2Mem 0)
 (AMXAllocation 0)
 (AMXShape 0)
 (Add 1)
 (AddOrSub 2)
 (And 1)
 (BFloat 0)
 (Bop 730)
 (Broadcast 597)
 (BroadcastPer 597)
 (Call 63)
 (Cast 509)
 (ColMajor 1)
 (CommBop 8)
 (Computed 0)
 (Div 0)
 (EQ 1)
 (Evaluate 2)
 (ExprVar 12)
 (Extern 0)
 (ExternCPlusPlus 0)
 (Float 12)
 (FloatImm 1)
 (GE 0)
 (GT 0)
 (Halide 0)
 (Handle 1)
 (Image 0)
 (Int 11)
 (IntImm 8)
 (IntImm16 0)
 (IntImm32 8)
 (IntImm64 0)
 (Intrinsic 1)
 (InvBroadcast 0)
 (InvRamp 0)
 (InvertedIndexEnd 0)
 (IsExpr 465)
 (LE 0)
 (LT 0)
 (LanesInType 24)
 (Let 0)
 (Load 46)
 (Loc2Loc 38)
 (Max 1)
 (Mem 1)
 (Mem2AMX 0)
 (Mem2WMMA 12)
 (Min 1)
 (Mod 0)
 (Mul 1)
 (MultipliedLanes 60)
 (NE 1)
 (Not 0)
 (Or 1)
 (PureExtern 0)
 (PureIntrinsic 0)
 (Ramp 815)
 (Reinterpret 0)
 (RowMajor 1)
 (Select 0)
 (Shuffle 0)
 (Store 12)
 (Sub 1)
 (Tile 3)
 (UInt 0)
 (UIntImm 0)
 (UIntOrInt 11)
 (UIntOrIntImm 8)
 (Uop 0)
 (V 14)
 (Var 21)
 (VectorReduce 32)
 (WMMA2Mem 26)
 (WMMAAllocation 1)
 (WMMAGEMM 8)
 (WMMAShape 25)
 (WMMATileA 3)
 (WMMATileB 4)
 (WMMATileC 6)
 (WMMATileD 6)
 (WMMA_A 0)
 (WMMA_B 0)
 (WMMA_C 1)
 (WithLanes 63)
 (amx-float-lhs 0)
 (amx-float-rhs 0)
 (amx-int/uint-lhs 0)
 (amx-int/uint-rhs 0)
 (assemble-inv-ind 0)
 (has-type 465)
 (make-aligned 0)
 (matrix-multiplication-float-16-cont 0)
 (matrix-multiplication-float-cont 0)
 (matrix-multiplication-int/uint-cont 0)
 (remove-aligned-bc 0)
 (remove-aligned-bc-impl 0)
 (remove-innermost-bc 0)
 (remove-innermost-bc-demand 0)
 (wmma-f16-rhs 8))
