---
source: tests/files.rs
expression: snapshot_content_across_treatments
---
(let t0 (Box (Pair 1 2)))
(Fiat (= t0 t0))
(let t0 (Box (Pair 1 2)))
(let t1 (boxed-first t0 1))
(Rule
  (= (@ExistsConstructor1) (@ExistsConstructor1))
  (name "@prove_exists_rule1")
  (premises
    (Rule
      (= t1 t1)
      (name "project-userland-pair")
      (premises (Fiat (= t0 t0)))
      (substitution (first 1) (second 2) (box t0)))
    (Fiat (= 1 1)))
  (substitution (@n 1)))
(let t0 (Box (Pair 1 2)))
(let t1 (boxed-second t0 2))
(Rule
  (= (@ExistsConstructor2) (@ExistsConstructor2))
  (name "@prove_exists_rule2")
  (premises
    (Rule
      (= t1 t1)
      (name "project-userland-pair")
      (premises (Fiat (= t0 t0)))
      (substitution (first 1) (second 2) (box t0)))
    (Fiat (= 2 2)))
  (substitution (@n1 2)))
(let t0 (MathBox (MPair (A) 42)))
(Fiat (= t0 t0))
(let t0 (MathBox (MPair (A) 42)))
(Congr
  (= t0 (MathBox (MPair (B) 42)))
  (Fiat (= t0 t0))
  (Congr
    (= (MPair (A) 42) (MPair (B) 42))
    (Fiat (= (MPair (A) 42) (MPair (A) 42)))
    (Sym (= (A) (B)) (Fiat (= (B) (A))))
    0)
  0)
(let t0 (RightMathBox (RPair 42 (A))))
(Congr
  (= t0 (RightMathBox (RPair 42 (B))))
  (Fiat (= t0 t0))
  (Congr
    (= (RPair 42 (A)) (RPair 42 (B)))
    (Fiat (= (RPair 42 (A)) (RPair 42 (A))))
    (Sym (= (A) (B)) (Fiat (= (B) (A))))
    1)
  0)
((A 1)
 (B 1)
 (Box 1)
 (MPair 1)
 (MathBox 1)
 (Pair 1)
 (RPair 1)
 (RightMathBox 1)
 (boxed-first 1)
 (boxed-second 1))
