---
source: tests/files.rs
expression: snapshot_content_across_treatments
---
((AMX 0)
 (AMX2Mem 0)
 (AMXAllocation 0)
 (AMXShape 0)
 (Add 1)
 (AddOrSub 2)
 (And 1)
 (BFloat 0)
 (Bop 1798)
 (Broadcast 1653)
 (BroadcastPer 1653)
 (Call 243)
 (Cast 1613)
 (ColMajor 1)
 (CommBop 8)
 (Computed 0)
 (Div 0)
 (EQ 1)
 (Evaluate 2)
 (ExprVar 48)
 (Extern 0)
 (ExternCPlusPlus 0)
 (Float 12)
 (FloatImm 1)
 (GE 0)
 (GT 0)
 (Halide 0)
 (Handle 1)
 (Image 0)
 (Int 11)
 (IntImm 20)
 (IntImm16 0)
 (IntImm32 20)
 (IntImm64 0)
 (Intrinsic 1)
 (InvBroadcast 0)
 (InvRamp 0)
 (InvertedIndexEnd 0)
 (IsExpr 1437)
 (LE 0)
 (LT 0)
 (LanesInType 24)
 (Let 0)
 (Load 178)
 (Loc2Loc 134)
 (Max 1)
 (Mem 1)
 (Mem2AMX 0)
 (Mem2WMMA 36)
 (Min 1)
 (Mod 0)
 (Mul 1)
 (MultipliedLanes 60)
 (NE 1)
 (Not 0)
 (Or 1)
 (PureExtern 0)
 (PureIntrinsic 0)
 (Ramp 1991)
 (Reinterpret 0)
 (RowMajor 1)
 (Select 0)
 (Shuffle 0)
 (Store 36)
 (Sub 1)
 (Tile 3)
 (UInt 0)
 (UIntImm 0)
 (UIntOrInt 11)
 (UIntOrIntImm 20)
 (Uop 0)
 (V 14)
 (Var 45)
 (VectorReduce 128)
 (WMMA2Mem 98)
 (WMMAAllocation 1)
 (WMMAGEMM 8)
 (WMMAShape 97)
 (WMMATileA 3)
 (WMMATileB 4)
 (WMMATileC 6)
 (WMMATileD 6)
 (WMMA_A 0)
 (WMMA_B 0)
 (WMMA_C 1)
 (WithLanes 63)
 (amx-float-lhs 0)
 (amx-float-rhs 0)
 (amx-int/uint-lhs 0)
 (amx-int/uint-rhs 0)
 (assemble-inv-ind 0)
 (has-type 1437)
 (make-aligned 0)
 (matrix-multiplication-float-16-cont 0)
 (matrix-multiplication-float-cont 0)
 (matrix-multiplication-int/uint-cont 0)
 (remove-aligned-bc 0)
 (remove-aligned-bc-impl 0)
 (remove-innermost-bc 0)
 (remove-innermost-bc-demand 0)
 (wmma-f16-rhs 32))
