---
source: tests/files.rs
expression: snapshot
---






(let t (= (Add 2 3) (Num 5)))
(let t1 (Fiat (= (Add 2 3) (Add 2 3))))
(let t2
  (Sym
        (= (Add 2 3) (Add 3 2))
        (Rule
          (= (Add 3 2) (Add 2 3))
          (name "rw1")
          (premises t1)
          (substitution (a 2) (b 3)))))
(Trans
  t
  t1
  (Trans
    t
    t2
    (Sym
      (= (Add 3 2) (Num 5))
      (Rule
        (= (Num 5) (Add 3 2))
        (name "rw2")
        (premises t2 (Fiat (= () ())))
        (substitution (a 3) (b 2))))))
