---
source: tests/files.rs
expression: snapshot_content
---
(let t0 (Add (Const 5) (Const 1)))
(let t1 (MathU t0))
(let prop0 (= t1 t1))
(let t2 (premises (Fiat (= (MathU (Const 5)) (MathU (Const 5)))) (Fiat (= () ()))))
(Congr
  prop0
  (Rule
    prop0
    (name
      "(rule ((MathU (Const a))
       (> (+ a 1) 5))
      ((MathU (Add (Const a) (Const 1))))
         )")
    t2
    (substitution (a 5)))
  (Rule
    (= t0 t0)
    (name
      "(rule ((MathU (Const a))
       (> (+ a 1) 5))
      ((MathU (Add (Const a) (Const 1))))
         )")
    t2
    (substitution (a 5)))
  0)
Add: 1
Const: 2
MathU: 2
Mul: 0
