---
source: tests/files.rs
expression: snapshot
---






(let t (= (Add 2 3) (Num 5)))
(let t1 (= (Add 2 3) (Add 2 3)))
(let t2 (Fiat t1))
(let t3 (Fiat (= 2 2)))
(let t4 (Fiat (= 3 3)))
(let t5 (Congr t1 (Congr t1 (Trans t1 (Sym t1 t2) t2) t3 0) t4 1))
(let t6 (= (Add 2 3) (Add 3 2)))
(let t7 (= (Add 3 2) (Add 2 3)))
(let t8 (substitution (a 2) (b 3)))
(let t9 (Rule t7 (name "rw1") (premises t2) t8))
(let t10 (Sym t6 (Trans t7 t9 t2)))
(let t11 (Fiat (= () ())))
(let t12 (substitution (a 3) (b 2)))
(Trans
  t
  (Sym t1 t5)
  (Congr
    t
    (Trans
      t
      (Trans
        t
        (Sym t6 t9)
        (Sym
          (= (Add 3 2) (Num 5))
          (Rule (= (Num 5) (Add 3 2)) (name "rw2") (premises t10 t11) t12)))
      (Rule
        (= (Num 5) (Num 5))
        (name "rw2")
        (premises
          (Congr
            t6
            (Congr
              t6
              (Trans
                t6
                t10
                (Rule (= (Add 3 2) (Add 3 2)) (name "rw1") (premises t5) t8))
              t4
              0)
            t3
            1)
          t11)
        t12))
    (Fiat (= 5 5))
    0))
