---
source: tests/files.rs
expression: snapshot
---






(let t (Add (Const 5) (Const 1)))
(let t1 (MathU t))
(let t2 (= t1 t1))
(let t3 (premises (Fiat (= (MathU (Const 5)) (MathU (Const 5)))) (Fiat (= () ()))))
(Congr
  t2
  (Rule
    t2
    (name
      "(rule ((MathU (Const a))
       (> (+ a 1) 5))
      ((MathU (Add (Const a) (Const 1))))
         )")
    t3
    (substitution (a 5)))
  (Rule
    (= t t)
    (name
      "(rule ((MathU (Const a))
       (> (+ a 1) 5))
      ((MathU (Add (Const a) (Const 1))))
         )")
    t3
    (substitution (a 5)))
  0)
