---
source: tests/files.rs
expression: snapshot_content_across_treatments
---
((Add 0)
 (Bf16 0)
 (Cast 0)
 (Constant 0)
 (CubeMul 225)
 (CustomOpHLIR 32)
 (ECons 128)
 (ENil 1)
 (Exp 0)
 (Exp2 0)
 (F16 0)
 (F32 1)
 (Gather 0)
 (ICons 96)
 (INil 1)
 (Input 293)
 (Int 1)
 (Iota 0)
 (KernelAdd 162)
 (KernelArgsort 0)
 (KernelGather 1)
 (KernelIota 2)
 (KernelMax 0)
 (KernelMean 65)
 (KernelMul 614)
 (KernelSum 290)
 (LessThan 0)
 (Log2 0)
 (MAdd 0)
 (MAnd 0)
 (MCeilDiv 5)
 (MDiv 0)
 (MFloat 0)
 (MFloorTo 0)
 (MGte 0)
 (MIter 1)
 (MLt 0)
 (MMax 0)
 (MMin 0)
 (MMod 0)
 (MMul 117)
 (MNum 37)
 (MOr 0)
 (MReplace 0)
 (MReplaceList 0)
 (MSub 0)
 (MVar 1)
 (Max 0)
 (Mod 0)
 (Mul 0)
 (Output 1)
 (OutputJoin 0)
 (Recip 0)
 (RemoveNthFromEnd 0)
 (ReplaceNthFromEnd 0)
 (RowAdd 64)
 (RowMajor 0)
 (RowRMSNorm 65)
 (RowRope 64)
 (RowSwishMul 32)
 (Sigmoid 0)
 (Sin 0)
 (Sqrt 0)
 (Sum 0)
 (TileMatmul 225)
 (TileSum 225)
 (dtype 1659)
 (len 0)
 (n_elements 0)
 (nth_from_end 0))
