---
source: tests/files.rs
expression: snapshot_content_across_treatments
---
(extraction-costs 401)
((Int___init__ 5)
 (NDArray___init__ 1)
 (RecursiveValue___init__ 1)
 (Value___add__ 31)
 (Value___mul__ 397)
 (Value___pow__ 8)
 (Value___truediv__ 1)
 (Value_from_int 5)
 (Value_var 20)
 (get_monomial 163)
 (get_sole_polynomial 238)
 (polynomial 0))
