---
source: src/proof_tests.rs
expression: snapshot
---
(ruleset parent)
(ruleset single_parent)
(ruleset rebuilding)
(ruleset rebuilding_cleanup)
(ruleset delete_subsume_ruleset)
(sort __view)
(constructor add (i64 i64 i64) __view)
(constructor addView (i64 i64 i64) __view)
(constructor to_delete_add (i64 i64) __view)
(constructor to_subsume_add (i64 i64) __view)
(sort __mergecleanupsort)
(constructor __mergecleanup (i64 i64) __mergecleanupsort)
(rule ((addView c0_ c1_ old)
       (addView c0_ c1_ new)
       (!= old new)
       (= (ordering-max old new) new))
      ((addView c0_ c1_ old)
       (__mergecleanup old old)
       (__mergecleanup old new))
        :ruleset rebuilding :name "__merge_rule")
(rule ((__mergecleanup merged old)
       (addView c0_ c1_ merged)
       (addView c0_ c1_ old)
       (!= merged old))
      ((delete (addView c0_ c1_ old)))
        :ruleset rebuilding_cleanup :name "__merge_cleanup")
(rule ((to_delete_add c0_ c1_)
       (addView c0_ c1_ out))
      ((delete (addView c0_ c1_ out))
       (delete (to_delete_add c0_ c1_)))
        :ruleset delete_subsume_ruleset :name "__delete_rule")
(rule ((to_subsume_add c0_ c1_)
       (addView c0_ c1_ out))
      ((delete (addView c0_ c1_ out)))
        :ruleset delete_subsume_ruleset :name "__delete_rule_subsume")
(check (addView 0 0 __v1)
(= __v1 0))
(run-schedule (seq (saturate (seq (run rebuilding_cleanup) (saturate (run single_parent)) (saturate (run parent)) (run rebuilding))) (run delete_subsume_ruleset)))
